  Individuazione dei progetti da ripristinare...
  Tutti i progetti sono aggiornati per il ripristino.
  BlaisePascal.ProjectWork.3E.Domain -> C:\Users\samuele.romagnoli.3e\Desktop\project work 3e\BlaisePascal.ProjectWork.3E.Domain\bin\Debug\net9.0\BlaisePascal.ProjectWork.3E.Domain.dll
C:\Users\samuele.romagnoli.3e\Desktop\project work 3e\BlaisePascal.ProjectWork.3E.Console\Program.cs(1,36): error CS0234: Il tipo o il nome dello spazio dei nomi 'Infrastructure' non esiste nello spazio dei nomi 'BlaisePascal.ProjectWork._3E'. Probabilmente manca un riferimento all'assembly. [C:\Users\samuele.romagnoli.3e\Desktop\project work 3e\BlaisePascal.ProjectWork.3E.Console\BlaisePascal.ProjectWork.3E.Console.csproj]

Compilazione NON RIUSCITA.

C:\Users\samuele.romagnoli.3e\Desktop\project work 3e\BlaisePascal.ProjectWork.3E.Console\Program.cs(1,36): error CS0234: Il tipo o il nome dello spazio dei nomi 'Infrastructure' non esiste nello spazio dei nomi 'BlaisePascal.ProjectWork._3E'. Probabilmente manca un riferimento all'assembly. [C:\Users\samuele.romagnoli.3e\Desktop\project work 3e\BlaisePascal.ProjectWork.3E.Console\BlaisePascal.ProjectWork.3E.Console.csproj]
    Avvisi: 0
    Errori: 1

Tempo trascorso 00:00:00.73

Sono disponibili aggiornamenti del carico di lavoro. Per altre informazioni, eseguire `dotnet workload list`.
